[   22775ms] [WARNING] [JavaScript Warning: "Loading failed for the <script> with source “http://localhost:3000/_next/static/chunks/src_app_page_tsx_a23048cf._.js”." {file: "http://localhost:3000/" line: 1}] @ http://localhost:3000/:1
[   23669ms] [WARNING] The width(-1) and height(-1) of chart should be greater than 0,
       please check the style of container, or the props width(100%) and height(100%),
       or add a minWidth(320) or minHeight(240) or use aspect(undefined) to control the
       height and width. @ http://localhost:3000/_next/static/chunks/node_modules_next_dist_f3530cac._.js:2297
[   23670ms] [WARNING] The width(-1) and height(-1) of chart should be greater than 0,
       please check the style of container, or the props width(100%) and height(100%),
       or add a minWidth(320) or minHeight(240) or use aspect(undefined) to control the
       height and width. @ http://localhost:3000/_next/static/chunks/node_modules_next_dist_f3530cac._.js:2297
[101460118ms] [ERROR] [JavaScript Error: "Firefox can’t establish a connection to the server at ws://localhost:3000/_next/webpack-hmr?id=Qn_fWouCi-YH3P11h3HeE." {file: "http://localhost:3000/_next/static/chunks/node_modules_next_dist_client_17643121._.js" line: 10879}] @ http://localhost:3000/_next/static/chunks/node_modules_next_dist_client_17643121._.js:10879
[101461150ms] [ERROR] [JavaScript Error: "Firefox can’t establish a connection to the server at ws://localhost:3000/_next/webpack-hmr?id=Qn_fWouCi-YH3P11h3HeE." {file: "http://localhost:3000/_next/static/chunks/node_modules_next_dist_client_17643121._.js" line: 10879}] @ http://localhost:3000/_next/static/chunks/node_modules_next_dist_client_17643121._.js:10879
[101462155ms] [ERROR] [JavaScript Error: "Firefox can’t establish a connection to the server at ws://localhost:3000/_next/webpack-hmr?id=Qn_fWouCi-YH3P11h3HeE." {file: "http://localhost:3000/_next/static/chunks/node_modules_next_dist_client_17643121._.js" line: 10879}] @ http://localhost:3000/_next/static/chunks/node_modules_next_dist_client_17643121._.js:10879
[101463161ms] [ERROR] [JavaScript Error: "Firefox can’t establish a connection to the server at ws://localhost:3000/_next/webpack-hmr?id=Qn_fWouCi-YH3P11h3HeE." {file: "http://localhost:3000/_next/static/chunks/node_modules_next_dist_client_17643121._.js" line: 10879}] @ http://localhost:3000/_next/static/chunks/node_modules_next_dist_client_17643121._.js:10879
[101464464ms] [ERROR] [JavaScript Error: "Firefox can’t establish a connection to the server at ws://localhost:3000/_next/webpack-hmr?id=Qn_fWouCi-YH3P11h3HeE." {file: "http://localhost:3000/_next/static/chunks/node_modules_next_dist_client_17643121._.js" line: 10879}] @ http://localhost:3000/_next/static/chunks/node_modules_next_dist_client_17643121._.js:10879
[101469469ms] [ERROR] [JavaScript Error: "Firefox can’t establish a connection to the server at ws://localhost:3000/_next/webpack-hmr?id=Qn_fWouCi-YH3P11h3HeE." {file: "http://localhost:3000/_next/static/chunks/node_modules_next_dist_client_17643121._.js" line: 10879}] @ http://localhost:3000/_next/static/chunks/node_modules_next_dist_client_17643121._.js:10879
[101474482ms] [ERROR] [JavaScript Error: "Firefox can’t establish a connection to the server at ws://localhost:3000/_next/webpack-hmr?id=Qn_fWouCi-YH3P11h3HeE." {file: "http://localhost:3000/_next/static/chunks/node_modules_next_dist_client_17643121._.js" line: 10879}] @ http://localhost:3000/_next/static/chunks/node_modules_next_dist_client_17643121._.js:10879
[101479488ms] [ERROR] [JavaScript Error: "Firefox can’t establish a connection to the server at ws://localhost:3000/_next/webpack-hmr?id=Qn_fWouCi-YH3P11h3HeE." {file: "http://localhost:3000/_next/static/chunks/node_modules_next_dist_client_17643121._.js" line: 10879}] @ http://localhost:3000/_next/static/chunks/node_modules_next_dist_client_17643121._.js:10879
[101486038ms] [ERROR] [JavaScript Error: "Firefox can’t establish a connection to the server at ws://localhost:3000/_next/webpack-hmr?id=Qn_fWouCi-YH3P11h3HeE." {file: "http://localhost:3000/_next/static/chunks/node_modules_next_dist_client_17643121._.js" line: 10879}] @ http://localhost:3000/_next/static/chunks/node_modules_next_dist_client_17643121._.js:10879
[101495886ms] [ERROR] [JavaScript Error: "Firefox can’t establish a connection to the server at ws://localhost:3000/_next/webpack-hmr?id=Qn_fWouCi-YH3P11h3HeE." {file: "http://localhost:3000/_next/static/chunks/node_modules_next_dist_client_17643121._.js" line: 10879}] @ http://localhost:3000/_next/static/chunks/node_modules_next_dist_client_17643121._.js:10879
[101511246ms] [ERROR] [JavaScript Error: "Firefox can’t establish a connection to the server at ws://localhost:3000/_next/webpack-hmr?id=Qn_fWouCi-YH3P11h3HeE." {file: "http://localhost:3000/_next/static/chunks/node_modules_next_dist_client_17643121._.js" line: 10879}] @ http://localhost:3000/_next/static/chunks/node_modules_next_dist_client_17643121._.js:10879
[101533413ms] [ERROR] [JavaScript Error: "Firefox can’t establish a connection to the server at ws://localhost:3000/_next/webpack-hmr?id=Qn_fWouCi-YH3P11h3HeE." {file: "http://localhost:3000/_next/static/chunks/node_modules_next_dist_client_17643121._.js" line: 10879}] @ http://localhost:3000/_next/static/chunks/node_modules_next_dist_client_17643121._.js:10879
